Fitter Route Stage Report for altera_eth_top
Wed Mar  8 12:49:48 2023
Quartus Prime Version 18.1.0 Build 222 09/21/2018 SJ Pro Edition


---------------------
; Table of Contents ;
---------------------
  1. Legal Notice
  2. Delay Chain Summary
  3. Routing Usage Summary
  4. Route Messages
  5. Estimated Delay Added for Hold Timing Summary
  6. Estimated Delay Added for Hold Timing Details



----------------
; Legal Notice ;
----------------
Copyright (C) 2018  Intel Corporation. All rights reserved.
Your use of Intel Corporation's design tools, logic functions 
and other software and tools, and its AMPP partner logic 
functions, and any output files from any of the foregoing 
(including device programming or simulation files), and any 
associated documentation or information are expressly subject 
to the terms and conditions of the Intel Program License 
Subscription Agreement, the Intel Quartus Prime License Agreement,
the Intel FPGA IP License Agreement, or other applicable license
agreement, including, without limitation, that your use is for
the sole purpose of programming logic devices manufactured by
Intel and sold by Intel or its authorized distributors.  Please
refer to the applicable agreement for further details.



+-----------------------------------------------------------------------------------------------------------------------------------------------------------------------+
; Delay Chain Summary                                                                                                                                                   ;
+----------------------+----------+---------------------+--------------------+----------------+-----------------------------------+-------------------------------------+
; Name                 ; Pin Type ; Input Delay Chain 0 ; Output Delay Chain ; OE Delay Chain ; IO_12_LANE Input Data Delay Chain ; IO_12_LANE Input Strobe Delay Chain ;
+----------------------+----------+---------------------+--------------------+----------------+-----------------------------------+-------------------------------------+
; tx_serial_data[0]    ; Output   ; --                  ; 0                  ; 0              ; --                                ; --                                  ;
; tx_serial_data[1]    ; Output   ; --                  ; 0                  ; 0              ; --                                ; --                                  ;
; led_heartbeat        ; Output   ; --                  ; 0                  ; 0              ; --                                ; --                                  ;
; channel_ready_n[0]   ; Output   ; --                  ; 0                  ; 0              ; --                                ; --                                  ;
; channel_ready_n[1]   ; Output   ; --                  ; 0                  ; 0              ; --                                ; --                                  ;
; sfp_sda_0            ; Output   ; --                  ; 0                  ; 0              ; --                                ; --                                  ;
; sfp_sda_1            ; Output   ; --                  ; 0                  ; 0              ; --                                ; --                                  ;
; led_other            ; Output   ; --                  ; 0                  ; 0              ; --                                ; --                                  ;
; sfp_scl_0            ; Output   ; --                  ; 0                  ; 0              ; --                                ; --                                  ;
; sfp_scl_1            ; Output   ; --                  ; 0                  ; 0              ; --                                ; --                                  ;
; sfp_int_0            ; Input    ; --                  ; --                 ; --             ; --                                ; --                                  ;
; sfp_int_1            ; Input    ; --                  ; --                 ; --             ; --                                ; --                                  ;
; arduino_sda          ; Input    ; 0                   ; --                 ; --             ; --                                ; --                                  ;
; arduino_scl          ; Input    ; 0                   ; --                 ; --             ; --                                ; --                                  ;
; rx_serial_data[0]    ; Input    ; 0                   ; --                 ; --             ; --                                ; --                                  ;
; clk_125              ; Input    ; 0                   ; --                 ; --             ; --                                ; --                                  ;
; rx_serial_data[1]    ; Input    ; 0                   ; --                 ; --             ; --                                ; --                                  ;
; refclk_10g           ; Input    ; 0                   ; --                 ; --             ; --                                ; --                                  ;
; reset_n              ; Input    ; 0                   ; --                 ; --             ; --                                ; --                                  ;
; fmc_in[1]            ; Input    ; 0                   ; --                 ; --             ; --                                ; --                                  ;
; fmc_in[0]            ; Input    ; 0                   ; --                 ; --             ; --                                ; --                                  ;
; fmc_in[2]            ; Input    ; 0                   ; --                 ; --             ; --                                ; --                                  ;
; fmc_in[4]            ; Input    ; 0                   ; --                 ; --             ; --                                ; --                                  ;
; fmc_in[5]            ; Input    ; 0                   ; --                 ; --             ; --                                ; --                                  ;
; fmc_in[6]            ; Input    ; 0                   ; --                 ; --             ; --                                ; --                                  ;
; fmc_in[7]            ; Input    ; 0                   ; --                 ; --             ; --                                ; --                                  ;
; fmc_in[3]            ; Input    ; 0                   ; --                 ; --             ; --                                ; --                                  ;
; tx_serial_data[0](n) ; Output   ; --                  ; 0                  ; 0              ; --                                ; --                                  ;
; tx_serial_data[1](n) ; Output   ; --                  ; 0                  ; 0              ; --                                ; --                                  ;
; rx_serial_data[0](n) ; Input    ; 0                   ; --                 ; --             ; --                                ; --                                  ;
; clk_125(n)           ; Input    ; 0                   ; --                 ; --             ; --                                ; --                                  ;
; rx_serial_data[1](n) ; Input    ; 0                   ; --                 ; --             ; --                                ; --                                  ;
; refclk_10g(n)        ; Input    ; 0                   ; --                 ; --             ; --                                ; --                                  ;
+----------------------+----------+---------------------+--------------------+----------------+-----------------------------------+-------------------------------------+


+---------------------------------------------------------+
; Routing Usage Summary                                   ;
+------------------------------+--------------------------+
; Routing Resource Type        ; Usage                    ;
+------------------------------+--------------------------+
; Block interconnects          ; 62,919 / 664,374 ( 9 % ) ;
; C27 interconnects            ; 396 / 12,769 ( 3 % )     ;
; C4 interconnects             ; 36,201 / 514,392 ( 7 % ) ;
; Direct links                 ; 13,068 / 664,374 ( 2 % ) ;
; Global clocks                ; 4 / 32 ( 13 % )          ;
; Periphery clocks             ; 4 / 410 ( < 1 % )        ;
; R3 interconnects             ; 16,989 / 246,936 ( 7 % ) ;
; R32 interconnects            ; 267 / 28,257 ( < 1 % )   ;
; R32/C27 interconnect drivers ; 469 / 74,920 ( < 1 % )   ;
; R6 interconnects             ; 26,121 / 527,108 ( 5 % ) ;
; Regional clock lefts         ; 0 / 8 ( 0 % )            ;
; Regional clock out bottoms   ; 0 / 8 ( 0 % )            ;
; Regional clock out tops      ; 0 / 8 ( 0 % )            ;
; Regional clock rights        ; 0 / 8 ( 0 % )            ;
; Regional clocks              ; 0 / 8 ( 0 % )            ;
; Spine buffers                ; 10 / 220 ( 5 % )         ;
; Spine clocks                 ; 17 / 330 ( 5 % )         ;
; Spine feedthroughs           ; 4 / 224 ( 2 % )          ;
+------------------------------+--------------------------+


+----------------+
; Route Messages ;
+----------------+
Info: *******************************************************************
Info: Running Quartus Prime Fitter
    Info: Version 18.1.0 Build 222 09/21/2018 SJ Pro Edition
    Info: Processing started: Wed Mar  8 12:42:57 2023
Info: Command: quartus_fit --read_settings_files=on --write_settings_files=off altera_eth_top -c altera_eth_top
Info: qfit2_default_script.tcl version: #1
Info: Project  = altera_eth_top
Info: Revision = altera_eth_top
Info (170193): Fitter routing operations beginning
Info (170089): 4e+03 ns of routing delay (approximately 1.9% of available device routing delay) has been added to meet hold timing. For more information, refer to the Estimated Delay Added for Hold Timing section in the Fitter report.
Info (11888): Total time spent on timing analysis during Routing is 21.83 seconds.
Info (16607): Fitter routing operations ending: elapsed time is 00:01:59


+------------------------------------------------------------------------------------------------------------------------------------------+
; Estimated Delay Added for Hold Timing Summary                                                                                            ;
+----------------------------------------------------------+-----------------------------------------------------------+-------------------+
; Source Clock(s)                                          ; Destination Clock(s)                                      ; Delay Added in ns ;
+----------------------------------------------------------+-----------------------------------------------------------+-------------------+
; altera_reserved_tck                                      ; altera_reserved_tck                                       ; 2072.7            ;
; DUT|core_pll|xcvr_fpll_a10_0|outclk1                     ; DUT|core_pll|xcvr_fpll_a10_0|outclk1                      ; 1985.4            ;
; DUT|core_pll|xcvr_fpll_a10_0|outclk0                     ; DUT|core_pll|xcvr_fpll_a10_0|outclk0                      ; 652.6             ;
; clk_125                                                  ; clk_125                                                   ; 444.6             ;
; DUT|CHANNEL_GEN[1].u_channel|phy|alt_mge_phy_0|rx_clkout ; DUT|CHANNEL_GEN[1].u_channel|phy|alt_mge_phy_0|rx_clkout  ; 151.2             ;
; DUT|CHANNEL_GEN[0].u_channel|phy|alt_mge_phy_0|rx_clkout ; DUT|CHANNEL_GEN[0].u_channel|phy|alt_mge_phy_0|rx_clkout  ; 117.4             ;
; DUT|CHANNEL_GEN[1].u_channel|phy|alt_mge_phy_0|tx_clkout ; DUT|CHANNEL_GEN[1].u_channel|phy|alt_mge_phy_0|tx_pma_clk ; 82.6              ;
+----------------------------------------------------------+-----------------------------------------------------------+-------------------+
Note: For more information on problematic transfers, consider running the Fitter again with the Optimize hold timing option (Settings Menu) turned off.
This will disable optimization of problematic paths and expose them for further analysis using the Timing Analyzer.


+-----------------------------------------------------------------------------------------------------------------------------------------------------------------------------------------------------------------------------------------------------------------------------------------------------------------------------------------------------------------------------------------------------------------------------------------------------------------------------+
; Estimated Delay Added for Hold Timing Details                                                                                                                                                                                                                                                                                                                                                                                                                               ;
+------------------------------------------------------------------------------------------------------------------------------------------------------------------------------------------------------------------------------------------------------------------+--------------------------------------------------------------------------------------------------------------------------------------------------------------------------------------+-------------------+
; Source Register                                                                                                                                                                                                                                                  ; Destination Register                                                                                                                                                                 ; Delay Added in ns ;
+------------------------------------------------------------------------------------------------------------------------------------------------------------------------------------------------------------------------------------------------------------------+--------------------------------------------------------------------------------------------------------------------------------------------------------------------------------------+-------------------+
; jtag_master|master_0|jtag_phy_embedded_in_jtag_master|normal.jtag_dc_streaming|sink_crosser|output_stage|data1[1]                                                                                                                                                ; jtag_master|master_0|jtag_phy_embedded_in_jtag_master|normal.jtag_dc_streaming|jtag_streaming|dr_data_out[6]                                                                         ; 2.020             ;
; jtag_master|master_0|jtag_phy_embedded_in_jtag_master|normal.jtag_dc_streaming|jtag_streaming|header_out_bit_counter[0]                                                                                                                                          ; jtag_master|master_0|jtag_phy_embedded_in_jtag_master|normal.jtag_dc_streaming|jtag_streaming|dr_data_out[6]                                                                         ; 1.931             ;
; jtag_master|master_0|jtag_phy_embedded_in_jtag_master|normal.jtag_dc_streaming|jtag_streaming|header_out_bit_counter[1]                                                                                                                                          ; jtag_master|master_0|jtag_phy_embedded_in_jtag_master|normal.jtag_dc_streaming|jtag_streaming|dr_data_out[6]                                                                         ; 1.923             ;
; jtag_master|master_0|jtag_phy_embedded_in_jtag_master|normal.jtag_dc_streaming|jtag_streaming|header_out_bit_counter[3]                                                                                                                                          ; jtag_master|master_0|jtag_phy_embedded_in_jtag_master|normal.jtag_dc_streaming|jtag_streaming|dr_data_out[6]                                                                         ; 1.916             ;
; jtag_master|master_0|jtag_phy_embedded_in_jtag_master|normal.jtag_dc_streaming|jtag_streaming|read_data_bit_counter[0]                                                                                                                                           ; jtag_master|master_0|jtag_phy_embedded_in_jtag_master|normal.jtag_dc_streaming|jtag_streaming|dr_data_out[6]                                                                         ; 1.903             ;
; jtag_master|master_0|jtag_phy_embedded_in_jtag_master|normal.jtag_dc_streaming|jtag_streaming|header_out_bit_counter[2]                                                                                                                                          ; jtag_master|master_0|jtag_phy_embedded_in_jtag_master|normal.jtag_dc_streaming|jtag_streaming|dr_data_out[6]                                                                         ; 1.901             ;
; jtag_master|master_0|jtag_phy_embedded_in_jtag_master|normal.jtag_dc_streaming|jtag_streaming|read_data_bit_counter[2]                                                                                                                                           ; jtag_master|master_0|jtag_phy_embedded_in_jtag_master|normal.jtag_dc_streaming|jtag_streaming|dr_data_out[6]                                                                         ; 1.881             ;
; jtag_master|master_0|jtag_phy_embedded_in_jtag_master|normal.jtag_dc_streaming|sink_crosser|output_stage|data1[3]                                                                                                                                                ; jtag_master|master_0|jtag_phy_embedded_in_jtag_master|normal.jtag_dc_streaming|jtag_streaming|dr_data_out[6]                                                                         ; 1.881             ;
; jtag_master|master_0|jtag_phy_embedded_in_jtag_master|normal.jtag_dc_streaming|sink_crosser|output_stage|data1[6]                                                                                                                                                ; jtag_master|master_0|jtag_phy_embedded_in_jtag_master|normal.jtag_dc_streaming|jtag_streaming|dr_data_out[6]                                                                         ; 1.870             ;
; jtag_master|master_0|jtag_phy_embedded_in_jtag_master|normal.jtag_dc_streaming|sink_crosser|output_stage|data1[2]                                                                                                                                                ; jtag_master|master_0|jtag_phy_embedded_in_jtag_master|normal.jtag_dc_streaming|jtag_streaming|dr_data_out[6]                                                                         ; 1.860             ;
; auto_fab_0|alt_sld_fab_0|alt_sld_fab_0|sldfabric|\jtag_hub_gen:real_sld_jtag_hub|irsr_reg[3]                                                                                                                                                                     ; auto_fab_0|alt_sld_fab_0|alt_sld_fab_0|sldfabric|\jtag_hub_gen:real_sld_jtag_hub|irsr_reg[7]                                                                                         ; 1.856             ;
; jtag_master|master_0|jtag_phy_embedded_in_jtag_master|normal.jtag_dc_streaming|jtag_streaming|read_data_bit_counter[1]                                                                                                                                           ; jtag_master|master_0|jtag_phy_embedded_in_jtag_master|normal.jtag_dc_streaming|jtag_streaming|dr_data_out[6]                                                                         ; 1.843             ;
; jtag_master|master_0|jtag_phy_embedded_in_jtag_master|normal.jtag_dc_streaming|sink_crosser|output_stage|data1[0]                                                                                                                                                ; jtag_master|master_0|jtag_phy_embedded_in_jtag_master|normal.jtag_dc_streaming|jtag_streaming|dr_data_out[6]                                                                         ; 1.839             ;
; DUT|CHANNEL_GEN[1].u_channel|phy|alt_mge_phy_0|alt_mge_xcvr_native|g_xcvr_native_insts[0].twentynm_xcvr_native_inst|twentynm_xcvr_native_inst|inst_twentynm_pcs|gen_twentynm_hssi_10g_rx_pcs.inst_twentynm_hssi_10g_rx_pcs~pld_10g_krfec_rx_blk_lock_10g_reg.reg ; DUT|CHANNEL_GEN[1].u_channel|phy|alt_mge_phy_0|mge_pcs|USXGMII_PCS.usxgmii_pcs|rx|width_adpt_64_to_32|block_lock_r                                                                   ; 1.838             ;
; jtag_master|master_0|jtag_phy_embedded_in_jtag_master|normal.jtag_dc_streaming|sink_crosser|output_stage|data1[7]                                                                                                                                                ; jtag_master|master_0|jtag_phy_embedded_in_jtag_master|normal.jtag_dc_streaming|jtag_streaming|dr_data_out[6]                                                                         ; 1.838             ;
; jtag_master|master_0|jtag_phy_embedded_in_jtag_master|normal.jtag_dc_streaming|sink_crosser|output_stage|data1[4]                                                                                                                                                ; jtag_master|master_0|jtag_phy_embedded_in_jtag_master|normal.jtag_dc_streaming|jtag_streaming|dr_data_out[6]                                                                         ; 1.823             ;
; jtag_master|master_0|jtag_phy_embedded_in_jtag_master|normal.jtag_dc_streaming|sink_crosser|output_stage|data1[5]                                                                                                                                                ; jtag_master|master_0|jtag_phy_embedded_in_jtag_master|normal.jtag_dc_streaming|jtag_streaming|dr_data_out[6]                                                                         ; 1.821             ;
; jtag_master|master_0|jtag_phy_embedded_in_jtag_master|normal.jtag_dc_streaming|jtag_streaming|read_state.ST_HEADER                                                                                                                                               ; jtag_master|master_0|jtag_phy_embedded_in_jtag_master|normal.jtag_dc_streaming|jtag_streaming|dr_data_out[6]                                                                         ; 1.817             ;
; jtag_master|master_0|jtag_phy_embedded_in_jtag_master|normal.jtag_dc_streaming|jtag_streaming|read_state.ST_READ_DATA                                                                                                                                            ; jtag_master|master_0|jtag_phy_embedded_in_jtag_master|normal.jtag_dc_streaming|jtag_streaming|dr_data_out[6]                                                                         ; 1.814             ;
; auto_fab_0|alt_sld_fab_0|alt_sld_fab_0|sldfabric|\jtag_hub_gen:real_sld_jtag_hub|irsr_reg[4]                                                                                                                                                                     ; auto_fab_0|alt_sld_fab_0|alt_sld_fab_0|sldfabric|\jtag_hub_gen:real_sld_jtag_hub|irsr_reg[0]                                                                                         ; 1.763             ;
; auto_fab_0|alt_sld_fab_0|alt_sld_fab_0|sldfabric|\jtag_hub_gen:real_sld_jtag_hub|node_ena_reg[4]                                                                                                                                                                 ; jtag_master|master_0|jtag_phy_embedded_in_jtag_master|normal.jtag_dc_streaming|jtag_streaming|read_state.ST_READ_DATA                                                                ; 1.757             ;
; jtag_master|master_0|jtag_phy_embedded_in_jtag_master|normal.jtag_dc_streaming|jtag_streaming|padded_bit_counter[1]                                                                                                                                              ; jtag_master|master_0|jtag_phy_embedded_in_jtag_master|normal.jtag_dc_streaming|jtag_streaming|dr_data_out[6]                                                                         ; 1.688             ;
; ETH_TRAFFIC_CTRL_PAIR_CHANNEL[0].eth_traffic_controller|eth_1588_traffic_controller_u0|ram_offset|altera_syncram_component|auto_generated|altsyncram1|mgl_prim3|ram_rom_data_reg[38]                                                                             ; ETH_TRAFFIC_CTRL_PAIR_CHANNEL[0].eth_traffic_controller|eth_1588_traffic_controller_u0|ram_offset|altera_syncram_component|auto_generated|altsyncram1|altsyncram2|ram_block4a38~reg1 ; 1.683             ;
; jtag_master|master_0|jtag_phy_embedded_in_jtag_master|normal.jtag_dc_streaming|jtag_streaming|read_data_valid                                                                                                                                                    ; jtag_master|master_0|jtag_phy_embedded_in_jtag_master|normal.jtag_dc_streaming|jtag_streaming|dr_data_out[6]                                                                         ; 1.675             ;
; ETH_TRAFFIC_CTRL_PAIR_CHANNEL[0].eth_traffic_controller|eth_1588_traffic_controller_u0|ram_offset|altera_syncram_component|auto_generated|altsyncram1|mgl_prim3|ram_rom_data_reg[42]                                                                             ; ETH_TRAFFIC_CTRL_PAIR_CHANNEL[0].eth_traffic_controller|eth_1588_traffic_controller_u0|ram_offset|altera_syncram_component|auto_generated|altsyncram1|altsyncram2|ram_block4a42~reg1 ; 1.640             ;
; jtag_master|master_0|jtag_phy_embedded_in_jtag_master|normal.jtag_dc_streaming|jtag_streaming|padded_bit_counter[0]                                                                                                                                              ; jtag_master|master_0|jtag_phy_embedded_in_jtag_master|normal.jtag_dc_streaming|jtag_streaming|dr_data_out[6]                                                                         ; 1.640             ;
; jtag_master|master_0|jtag_phy_embedded_in_jtag_master|normal.jtag_dc_streaming|jtag_streaming|idle_inserter|received_esc                                                                                                                                         ; jtag_master|master_0|jtag_phy_embedded_in_jtag_master|normal.jtag_dc_streaming|jtag_streaming|dr_data_out[6]                                                                         ; 1.640             ;
; jtag_master|master_0|jtag_phy_embedded_in_jtag_master|normal.jtag_dc_streaming|jtag_streaming|read_data_all_valid                                                                                                                                                ; jtag_master|master_0|jtag_phy_embedded_in_jtag_master|normal.jtag_dc_streaming|jtag_streaming|idle_inserter_source_ready                                                             ; 1.637             ;
; jtag_master|master_0|jtag_phy_embedded_in_jtag_master|normal.jtag_dc_streaming|jtag_streaming|padded_bit_counter[4]                                                                                                                                              ; jtag_master|master_0|jtag_phy_embedded_in_jtag_master|normal.jtag_dc_streaming|jtag_streaming|dr_data_out[6]                                                                         ; 1.636             ;
; ETH_TRAFFIC_CTRL_PAIR_CHANNEL[0].eth_traffic_controller|eth_1588_traffic_controller_u0|ram_offset|altera_syncram_component|auto_generated|altsyncram1|mgl_prim3|ram_rom_addr_reg[2]                                                                              ; ETH_TRAFFIC_CTRL_PAIR_CHANNEL[0].eth_traffic_controller|eth_1588_traffic_controller_u0|ram_offset|altera_syncram_component|auto_generated|altsyncram1|altsyncram2|ram_block4a35~reg1 ; 1.631             ;
; jtag_master|master_0|jtag_phy_embedded_in_jtag_master|normal.jtag_dc_streaming|jtag_streaming|padded_bit_counter[5]                                                                                                                                              ; jtag_master|master_0|jtag_phy_embedded_in_jtag_master|normal.jtag_dc_streaming|jtag_streaming|dr_data_out[6]                                                                         ; 1.627             ;
; ETH_TRAFFIC_CTRL_PAIR_CHANNEL[0].eth_traffic_controller|eth_1588_traffic_controller_u0|ram_offset|altera_syncram_component|auto_generated|altsyncram1|mgl_prim3|ram_rom_data_reg[37]                                                                             ; ETH_TRAFFIC_CTRL_PAIR_CHANNEL[0].eth_traffic_controller|eth_1588_traffic_controller_u0|ram_offset|altera_syncram_component|auto_generated|altsyncram1|altsyncram2|ram_block4a37~reg1 ; 1.623             ;
; DUT|CHANNEL_GEN[0].u_channel|phy|alt_mge_phy_0|alt_mge_xcvr_native|g_xcvr_native_insts[0].twentynm_xcvr_native_inst|twentynm_xcvr_native_inst|inst_twentynm_pcs|gen_twentynm_hssi_10g_rx_pcs.inst_twentynm_hssi_10g_rx_pcs~pld_10g_krfec_rx_blk_lock_10g_reg.reg ; DUT|CHANNEL_GEN[0].u_channel|phy|alt_mge_phy_0|mge_pcs|USXGMII_PCS.usxgmii_pcs|an|rx_sync_reg                                                                                        ; 1.621             ;
; ETH_TRAFFIC_CTRL_PAIR_CHANNEL[0].eth_traffic_controller|eth_1588_traffic_controller_u0|ram_offset|altera_syncram_component|auto_generated|altsyncram1|mgl_prim3|ram_rom_data_reg[39]                                                                             ; ETH_TRAFFIC_CTRL_PAIR_CHANNEL[0].eth_traffic_controller|eth_1588_traffic_controller_u0|ram_offset|altera_syncram_component|auto_generated|altsyncram1|altsyncram2|ram_block4a39~reg1 ; 1.615             ;
; ETH_TRAFFIC_CTRL_PAIR_CHANNEL[0].eth_traffic_controller|eth_1588_traffic_controller_u0|ram_offset|altera_syncram_component|auto_generated|altsyncram1|mgl_prim3|is_in_use_reg                                                                                    ; auto_fab_0|alt_sld_fab_0|alt_sld_fab_0|sldfabric|\jtag_hub_gen:real_sld_jtag_hub|irsr_reg[0]                                                                                         ; 1.610             ;
; jtag_master|master_0|jtag_phy_embedded_in_jtag_master|normal.jtag_dc_streaming|jtag_streaming|padded_bit_counter[2]                                                                                                                                              ; jtag_master|master_0|jtag_phy_embedded_in_jtag_master|normal.jtag_dc_streaming|jtag_streaming|dr_data_out[6]                                                                         ; 1.608             ;
; ETH_TRAFFIC_CTRL_PAIR_CHANNEL[0].eth_traffic_controller|eth_1588_traffic_controller_u0|ram_offset|altera_syncram_component|auto_generated|altsyncram1|mgl_prim3|ram_rom_data_reg[36]                                                                             ; ETH_TRAFFIC_CTRL_PAIR_CHANNEL[0].eth_traffic_controller|eth_1588_traffic_controller_u0|ram_offset|altera_syncram_component|auto_generated|altsyncram1|altsyncram2|ram_block4a36~reg1 ; 1.604             ;
; ETH_TRAFFIC_CTRL_PAIR_CHANNEL[0].eth_traffic_controller|eth_1588_traffic_controller_u0|ram_offset|altera_syncram_component|auto_generated|altsyncram1|mgl_prim3|ram_rom_data_reg[43]                                                                             ; ETH_TRAFFIC_CTRL_PAIR_CHANNEL[0].eth_traffic_controller|eth_1588_traffic_controller_u0|ram_offset|altera_syncram_component|auto_generated|altsyncram1|altsyncram2|ram_block4a43~reg1 ; 1.601             ;
; jtag_master|master_0|jtag_phy_embedded_in_jtag_master|normal.jtag_dc_streaming|jtag_streaming|padded_bit_counter[3]                                                                                                                                              ; jtag_master|master_0|jtag_phy_embedded_in_jtag_master|normal.jtag_dc_streaming|jtag_streaming|dr_data_out[6]                                                                         ; 1.601             ;
; jtag_master|master_0|jtag_phy_embedded_in_jtag_master|normal.jtag_dc_streaming|jtag_streaming|dr_data_in[6]                                                                                                                                                      ; jtag_master|master_0|jtag_phy_embedded_in_jtag_master|normal.jtag_dc_streaming|jtag_streaming|idle_remover_sink_data[5]                                                              ; 1.597             ;
; jtag_master|master_0|jtag_phy_embedded_in_jtag_master|normal.jtag_dc_streaming|jtag_streaming|dr_data_in[4]                                                                                                                                                      ; jtag_master|master_0|jtag_phy_embedded_in_jtag_master|normal.jtag_dc_streaming|jtag_streaming|idle_remover_sink_data[3]                                                              ; 1.597             ;
; jtag_master|master_0|jtag_phy_embedded_in_jtag_master|normal.jtag_dc_streaming|jtag_streaming|padded_bit_counter[6]                                                                                                                                              ; jtag_master|master_0|jtag_phy_embedded_in_jtag_master|normal.jtag_dc_streaming|jtag_streaming|dr_data_out[6]                                                                         ; 1.595             ;
; jtag_master|master_0|jtag_phy_embedded_in_jtag_master|normal.jtag_dc_streaming|jtag_streaming|padded_bit_counter[7]                                                                                                                                              ; jtag_master|master_0|jtag_phy_embedded_in_jtag_master|normal.jtag_dc_streaming|jtag_streaming|dr_data_out[6]                                                                         ; 1.592             ;
; ETH_TRAFFIC_CTRL_PAIR_CHANNEL[0].eth_traffic_controller|eth_1588_traffic_controller_u0|ram_offset|altera_syncram_component|auto_generated|altsyncram1|mgl_prim3|ram_rom_addr_reg[8]                                                                              ; ETH_TRAFFIC_CTRL_PAIR_CHANNEL[0].eth_traffic_controller|eth_1588_traffic_controller_u0|ram_offset|altera_syncram_component|auto_generated|altsyncram1|altsyncram2|ram_block4a40~reg1 ; 1.591             ;
; jtag_master|master_0|jtag_phy_embedded_in_jtag_master|normal.jtag_dc_streaming|jtag_streaming|dr_data_in[7]                                                                                                                                                      ; jtag_master|master_0|jtag_phy_embedded_in_jtag_master|normal.jtag_dc_streaming|jtag_streaming|idle_remover_sink_data[6]                                                              ; 1.578             ;
; ETH_TRAFFIC_CTRL_PAIR_CHANNEL[0].eth_traffic_controller|eth_1588_traffic_controller_u0|ram_offset|altera_syncram_component|auto_generated|altsyncram1|mgl_prim3|ram_rom_addr_reg[4]                                                                              ; ETH_TRAFFIC_CTRL_PAIR_CHANNEL[0].eth_traffic_controller|eth_1588_traffic_controller_u0|ram_offset|altera_syncram_component|auto_generated|altsyncram1|altsyncram2|ram_block4a35~reg1 ; 1.574             ;
; jtag_master|master_0|jtag_phy_embedded_in_jtag_master|normal.jtag_dc_streaming|jtag_streaming|write_data_valid                                                                                                                                                   ; jtag_master|master_0|jtag_phy_embedded_in_jtag_master|normal.jtag_dc_streaming|jtag_streaming|valid_write_data_length_byte_counter[16]                                               ; 1.574             ;
; auto_fab_0|alt_sld_fab_0|alt_sld_fab_0|sldfabric|\jtag_hub_gen:real_sld_jtag_hub|irsr_reg[10]                                                                                                                                                                    ; auto_fab_0|alt_sld_fab_0|alt_sld_fab_0|sldfabric|\jtag_hub_gen:real_sld_jtag_hub|irsr_reg[7]                                                                                         ; 1.573             ;
; ETH_TRAFFIC_CTRL_PAIR_CHANNEL[0].eth_traffic_controller|eth_1588_traffic_controller_u0|ram_delay|altera_syncram_component|auto_generated|altsyncram1|mgl_prim3|is_in_use_reg                                                                                     ; auto_fab_0|alt_sld_fab_0|alt_sld_fab_0|sldfabric|\jtag_hub_gen:real_sld_jtag_hub|irsr_reg[0]                                                                                         ; 1.571             ;
; jtag_master|master_0|jtag_phy_embedded_in_jtag_master|normal.jtag_dc_streaming|jtag_streaming|dr_data_in[5]                                                                                                                                                      ; jtag_master|master_0|jtag_phy_embedded_in_jtag_master|normal.jtag_dc_streaming|jtag_streaming|idle_remover_sink_data[4]                                                              ; 1.570             ;
; ETH_TRAFFIC_CTRL_PAIR_CHANNEL[0].eth_traffic_controller|eth_1588_traffic_controller_u0|ram_delay|altera_syncram_component|auto_generated|altsyncram1|mgl_prim3|ram_rom_data_reg[17]                                                                              ; ETH_TRAFFIC_CTRL_PAIR_CHANNEL[0].eth_traffic_controller|eth_1588_traffic_controller_u0|ram_delay|altera_syncram_component|auto_generated|altsyncram1|altsyncram2|ram_block4a17~reg1  ; 1.563             ;
; ETH_TRAFFIC_CTRL_PAIR_CHANNEL[0].eth_traffic_controller|eth_1588_traffic_controller_u0|ram_offset|altera_syncram_component|auto_generated|altsyncram1|mgl_prim3|ram_rom_addr_reg[11]                                                                             ; ETH_TRAFFIC_CTRL_PAIR_CHANNEL[0].eth_traffic_controller|eth_1588_traffic_controller_u0|ram_offset|altera_syncram_component|auto_generated|altsyncram1|altsyncram2|ram_block4a35~reg1 ; 1.558             ;
; jtag_master|master_0|jtag_phy_embedded_in_jtag_master|normal.jtag_dc_streaming|jtag_streaming|dr_data_in[3]                                                                                                                                                      ; jtag_master|master_0|jtag_phy_embedded_in_jtag_master|normal.jtag_dc_streaming|jtag_streaming|idle_remover_sink_data[2]                                                              ; 1.543             ;
; ETH_TRAFFIC_CTRL_PAIR_CHANNEL[0].eth_traffic_controller|eth_1588_traffic_controller_u0|ram_offset|altera_syncram_component|auto_generated|altsyncram1|mgl_prim3|ram_rom_addr_reg[1]                                                                              ; ETH_TRAFFIC_CTRL_PAIR_CHANNEL[0].eth_traffic_controller|eth_1588_traffic_controller_u0|ram_offset|altera_syncram_component|auto_generated|altsyncram1|altsyncram2|ram_block4a40~reg1 ; 1.533             ;
; ETH_TRAFFIC_CTRL_PAIR_CHANNEL[0].eth_traffic_controller|eth_1588_traffic_controller_u0|ram_offset|altera_syncram_component|auto_generated|altsyncram1|mgl_prim3|ram_rom_addr_reg[7]                                                                              ; ETH_TRAFFIC_CTRL_PAIR_CHANNEL[0].eth_traffic_controller|eth_1588_traffic_controller_u0|ram_offset|altera_syncram_component|auto_generated|altsyncram1|altsyncram2|ram_block4a35~reg1 ; 1.530             ;
; jtag_master|master_0|jtag_phy_embedded_in_jtag_master|normal.jtag_dc_streaming|jtag_streaming|dr_control[6]                                                                                                                                                      ; jtag_master|master_0|jtag_phy_embedded_in_jtag_master|normal.jtag_dc_streaming|jtag_streaming|dr_control[5]                                                                          ; 1.527             ;
; ETH_TRAFFIC_CTRL_PAIR_CHANNEL[0].eth_traffic_controller|eth_1588_traffic_controller_u0|ram_offset|altera_syncram_component|auto_generated|altsyncram1|mgl_prim3|ir_loaded_address_reg[4]                                                                         ; auto_fab_0|alt_sld_fab_0|alt_sld_fab_0|sldfabric|\jtag_hub_gen:real_sld_jtag_hub|irsr_reg[5]                                                                                         ; 1.525             ;
; auto_fab_0|alt_sld_fab_0|alt_sld_fab_0|sldfabric|\jtag_hub_gen:real_sld_jtag_hub|irsr_reg[8]                                                                                                                                                                     ; auto_fab_0|alt_sld_fab_0|alt_sld_fab_0|sldfabric|\jtag_hub_gen:real_sld_jtag_hub|irsr_reg[0]                                                                                         ; 1.516             ;
; ETH_TRAFFIC_CTRL_PAIR_CHANNEL[0].eth_traffic_controller|eth_1588_traffic_controller_u0|ram_offset|altera_syncram_component|auto_generated|altsyncram1|mgl_prim3|ir_loaded_address_reg[5]                                                                         ; auto_fab_0|alt_sld_fab_0|alt_sld_fab_0|sldfabric|\jtag_hub_gen:real_sld_jtag_hub|irsr_reg[6]                                                                                         ; 1.515             ;
; jtag_master|master_0|jtag_phy_embedded_in_jtag_master|normal.jtag_dc_streaming|jtag_streaming|write_data_bit_counter[2]                                                                                                                                          ; jtag_master|master_0|jtag_phy_embedded_in_jtag_master|normal.jtag_dc_streaming|jtag_streaming|valid_write_data_length_byte_counter[16]                                               ; 1.514             ;
; ETH_TRAFFIC_CTRL_PAIR_CHANNEL[0].eth_traffic_controller|eth_1588_traffic_controller_u0|ram_offset|altera_syncram_component|auto_generated|altsyncram1|mgl_prim3|ram_rom_addr_reg[9]                                                                              ; ETH_TRAFFIC_CTRL_PAIR_CHANNEL[0].eth_traffic_controller|eth_1588_traffic_controller_u0|ram_offset|altera_syncram_component|auto_generated|altsyncram1|altsyncram2|ram_block4a35~reg1 ; 1.514             ;
; jtag_master|master_0|jtag_phy_embedded_in_jtag_master|normal.jtag_dc_streaming|jtag_streaming|write_data_bit_counter[0]                                                                                                                                          ; jtag_master|master_0|jtag_phy_embedded_in_jtag_master|normal.jtag_dc_streaming|jtag_streaming|valid_write_data_length_byte_counter[16]                                               ; 1.513             ;
; auto_fab_0|alt_sld_fab_0|alt_sld_fab_0|sldfabric|\jtag_hub_gen:real_sld_jtag_hub|hub_mode_reg[0]                                                                                                                                                                 ; auto_fab_0|alt_sld_fab_0|alt_sld_fab_0|sldfabric|\jtag_hub_gen:real_sld_jtag_hub|irsr_reg[7]                                                                                         ; 1.513             ;
; jtag_master|master_0|jtag_phy_embedded_in_jtag_master|normal.jtag_dc_streaming|jtag_streaming|dr_control[7]                                                                                                                                                      ; jtag_master|master_0|jtag_phy_embedded_in_jtag_master|normal.jtag_dc_streaming|jtag_streaming|offset[7]                                                                              ; 1.511             ;
; ETH_TRAFFIC_CTRL_PAIR_CHANNEL[0].eth_traffic_controller|eth_1588_traffic_controller_u0|ram_offset|altera_syncram_component|auto_generated|altsyncram1|mgl_prim3|ram_rom_addr_reg[0]                                                                              ; ETH_TRAFFIC_CTRL_PAIR_CHANNEL[0].eth_traffic_controller|eth_1588_traffic_controller_u0|ram_offset|altera_syncram_component|auto_generated|altsyncram1|altsyncram2|ram_block4a35~reg1 ; 1.511             ;
; ETH_TRAFFIC_CTRL_PAIR_CHANNEL[0].eth_traffic_controller|eth_1588_traffic_controller_u0|ram_offset|altera_syncram_component|auto_generated|altsyncram1|mgl_prim3|ram_rom_addr_reg[5]                                                                              ; ETH_TRAFFIC_CTRL_PAIR_CHANNEL[0].eth_traffic_controller|eth_1588_traffic_controller_u0|ram_offset|altera_syncram_component|auto_generated|altsyncram1|altsyncram2|ram_block4a40~reg1 ; 1.508             ;
; ETH_TRAFFIC_CTRL_PAIR_CHANNEL[0].eth_traffic_controller|eth_1588_traffic_controller_u0|ram_offset|altera_syncram_component|auto_generated|altsyncram1|mgl_prim3|ram_rom_addr_reg[10]                                                                             ; ETH_TRAFFIC_CTRL_PAIR_CHANNEL[0].eth_traffic_controller|eth_1588_traffic_controller_u0|ram_offset|altera_syncram_component|auto_generated|altsyncram1|altsyncram2|ram_block4a35~reg1 ; 1.504             ;
; ETH_TRAFFIC_CTRL_PAIR_CHANNEL[0].eth_traffic_controller|eth_1588_traffic_controller_u0|ram_delay|altera_syncram_component|auto_generated|altsyncram1|mgl_prim3|ram_rom_data_reg[27]                                                                              ; ETH_TRAFFIC_CTRL_PAIR_CHANNEL[0].eth_traffic_controller|eth_1588_traffic_controller_u0|ram_delay|altera_syncram_component|auto_generated|altsyncram1|altsyncram2|ram_block4a27~reg1  ; 1.503             ;
; ETH_TRAFFIC_CTRL_PAIR_CHANNEL[0].eth_traffic_controller|eth_1588_traffic_controller_u0|ram_offset|altera_syncram_component|auto_generated|altsyncram1|mgl_prim3|ram_rom_addr_reg[6]                                                                              ; ETH_TRAFFIC_CTRL_PAIR_CHANNEL[0].eth_traffic_controller|eth_1588_traffic_controller_u0|ram_offset|altera_syncram_component|auto_generated|altsyncram1|altsyncram2|ram_block4a35~reg1 ; 1.501             ;
; ETH_TRAFFIC_CTRL_PAIR_CHANNEL[0].eth_traffic_controller|eth_1588_traffic_controller_u0|ram_offset|altera_syncram_component|auto_generated|altsyncram1|mgl_prim3|ir_loaded_address_reg[6]                                                                         ; auto_fab_0|alt_sld_fab_0|alt_sld_fab_0|sldfabric|\jtag_hub_gen:real_sld_jtag_hub|irsr_reg[7]                                                                                         ; 1.501             ;
; ETH_TRAFFIC_CTRL_PAIR_CHANNEL[0].eth_traffic_controller|eth_1588_traffic_controller_u0|ram_delay|altera_syncram_component|auto_generated|altsyncram1|mgl_prim3|ram_rom_data_reg[28]                                                                              ; ETH_TRAFFIC_CTRL_PAIR_CHANNEL[0].eth_traffic_controller|eth_1588_traffic_controller_u0|ram_delay|altera_syncram_component|auto_generated|altsyncram1|altsyncram2|ram_block4a28~reg1  ; 1.498             ;
; ETH_TRAFFIC_CTRL_PAIR_CHANNEL[0].eth_traffic_controller|eth_1588_traffic_controller_u0|ram_delay|altera_syncram_component|auto_generated|altsyncram1|mgl_prim3|ram_rom_data_reg[18]                                                                              ; ETH_TRAFFIC_CTRL_PAIR_CHANNEL[0].eth_traffic_controller|eth_1588_traffic_controller_u0|ram_delay|altera_syncram_component|auto_generated|altsyncram1|altsyncram2|ram_block4a18~reg1  ; 1.497             ;
; auto_fab_0|alt_sld_fab_0|alt_sld_fab_0|sldfabric|\jtag_hub_gen:real_sld_jtag_hub|virtual_ir_scan_reg                                                                                                                                                             ; jtag_master|master_0|jtag_phy_embedded_in_jtag_master|normal.jtag_dc_streaming|jtag_streaming|read_state.ST_READ_DATA                                                                ; 1.491             ;
; ETH_TRAFFIC_CTRL_PAIR_CHANNEL[0].eth_traffic_controller|eth_1588_traffic_controller_u0|ram_delay|altera_syncram_component|auto_generated|altsyncram1|mgl_prim3|ram_rom_data_reg[25]                                                                              ; ETH_TRAFFIC_CTRL_PAIR_CHANNEL[0].eth_traffic_controller|eth_1588_traffic_controller_u0|ram_delay|altera_syncram_component|auto_generated|altsyncram1|altsyncram2|ram_block4a25~reg1  ; 1.490             ;
; ETH_TRAFFIC_CTRL_PAIR_CHANNEL[0].eth_traffic_controller|eth_1588_traffic_controller_u0|ram_offset|altera_syncram_component|auto_generated|altsyncram1|mgl_prim3|ram_rom_data_reg[40]                                                                             ; ETH_TRAFFIC_CTRL_PAIR_CHANNEL[0].eth_traffic_controller|eth_1588_traffic_controller_u0|ram_offset|altera_syncram_component|auto_generated|altsyncram1|altsyncram2|ram_block4a40~reg1 ; 1.490             ;
; ETH_TRAFFIC_CTRL_PAIR_CHANNEL[0].eth_traffic_controller|eth_1588_traffic_controller_u0|ram_delay|altera_syncram_component|auto_generated|altsyncram1|mgl_prim3|ram_rom_data_reg[32]                                                                              ; ETH_TRAFFIC_CTRL_PAIR_CHANNEL[0].eth_traffic_controller|eth_1588_traffic_controller_u0|ram_delay|altera_syncram_component|auto_generated|altsyncram1|altsyncram2|ram_block4a32~reg1  ; 1.490             ;
; ETH_TRAFFIC_CTRL_PAIR_CHANNEL[0].eth_traffic_controller|eth_1588_traffic_controller_u0|ram_delay|altera_syncram_component|auto_generated|altsyncram1|mgl_prim3|ram_rom_data_reg[19]                                                                              ; ETH_TRAFFIC_CTRL_PAIR_CHANNEL[0].eth_traffic_controller|eth_1588_traffic_controller_u0|ram_delay|altera_syncram_component|auto_generated|altsyncram1|altsyncram2|ram_block4a19~reg1  ; 1.488             ;
; ETH_TRAFFIC_CTRL_PAIR_CHANNEL[0].eth_traffic_controller|eth_1588_traffic_controller_u0|ram_offset|altera_syncram_component|auto_generated|altsyncram1|mgl_prim3|ram_rom_data_reg[44]                                                                             ; ETH_TRAFFIC_CTRL_PAIR_CHANNEL[0].eth_traffic_controller|eth_1588_traffic_controller_u0|ram_offset|altera_syncram_component|auto_generated|altsyncram1|altsyncram2|ram_block4a44~reg1 ; 1.481             ;
; auto_fab_0|alt_sld_fab_0|alt_sld_fab_0|sldfabric|\jtag_hub_gen:real_sld_jtag_hub|irsr_reg[9]                                                                                                                                                                     ; auto_fab_0|alt_sld_fab_0|alt_sld_fab_0|sldfabric|\jtag_hub_gen:real_sld_jtag_hub|irsr_reg[0]                                                                                         ; 1.480             ;
; auto_fab_0|alt_sld_fab_0|alt_sld_fab_0|sldfabric|\jtag_hub_gen:real_sld_jtag_hub|irsr_reg[1]                                                                                                                                                                     ; auto_fab_0|alt_sld_fab_0|alt_sld_fab_0|sldfabric|\jtag_hub_gen:real_sld_jtag_hub|hub_mode_reg[2]                                                                                     ; 1.473             ;
; ETH_TRAFFIC_CTRL_PAIR_CHANNEL[0].eth_traffic_controller|eth_1588_traffic_controller_u0|ram_delay|altera_syncram_component|auto_generated|altsyncram1|mgl_prim3|ram_rom_addr_reg[1]                                                                               ; ETH_TRAFFIC_CTRL_PAIR_CHANNEL[0].eth_traffic_controller|eth_1588_traffic_controller_u0|ram_delay|altera_syncram_component|auto_generated|altsyncram1|altsyncram2|ram_block4a15~reg1  ; 1.470             ;
; ETH_TRAFFIC_CTRL_PAIR_CHANNEL[0].eth_traffic_controller|eth_1588_traffic_controller_u0|ram_offset|altera_syncram_component|auto_generated|altsyncram1|mgl_prim3|ram_rom_data_reg[41]                                                                             ; ETH_TRAFFIC_CTRL_PAIR_CHANNEL[0].eth_traffic_controller|eth_1588_traffic_controller_u0|ram_offset|altera_syncram_component|auto_generated|altsyncram1|altsyncram2|ram_block4a41~reg1 ; 1.468             ;
; ETH_TRAFFIC_CTRL_PAIR_CHANNEL[0].eth_traffic_controller|eth_1588_traffic_controller_u0|ram_offset|altera_syncram_component|auto_generated|altsyncram1|mgl_prim3|ram_rom_data_reg[28]                                                                             ; ETH_TRAFFIC_CTRL_PAIR_CHANNEL[0].eth_traffic_controller|eth_1588_traffic_controller_u0|ram_offset|altera_syncram_component|auto_generated|altsyncram1|altsyncram2|ram_block4a28~reg1 ; 1.468             ;
; jtag_master|master_0|jtag_phy_embedded_in_jtag_master|normal.jtag_dc_streaming|jtag_streaming|dr_data_in[1]                                                                                                                                                      ; jtag_master|master_0|jtag_phy_embedded_in_jtag_master|normal.jtag_dc_streaming|jtag_streaming|idle_remover_sink_data[0]                                                              ; 1.465             ;
; ETH_TRAFFIC_CTRL_PAIR_CHANNEL[0].eth_traffic_controller|eth_1588_traffic_controller_u0|ram_delay|altera_syncram_component|auto_generated|altsyncram1|mgl_prim3|ram_rom_data_reg[30]                                                                              ; ETH_TRAFFIC_CTRL_PAIR_CHANNEL[0].eth_traffic_controller|eth_1588_traffic_controller_u0|ram_delay|altera_syncram_component|auto_generated|altsyncram1|altsyncram2|ram_block4a30~reg1  ; 1.465             ;
; ETH_TRAFFIC_CTRL_PAIR_CHANNEL[0].eth_traffic_controller|eth_1588_traffic_controller_u0|ram_delay|altera_syncram_component|auto_generated|altsyncram1|mgl_prim3|ram_rom_data_reg[23]                                                                              ; ETH_TRAFFIC_CTRL_PAIR_CHANNEL[0].eth_traffic_controller|eth_1588_traffic_controller_u0|ram_delay|altera_syncram_component|auto_generated|altsyncram1|altsyncram2|ram_block4a23~reg1  ; 1.464             ;
; ETH_TRAFFIC_CTRL_PAIR_CHANNEL[0].eth_traffic_controller|eth_1588_traffic_controller_u0|ram_delay|altera_syncram_component|auto_generated|altsyncram1|mgl_prim3|ram_rom_addr_reg[8]                                                                               ; ETH_TRAFFIC_CTRL_PAIR_CHANNEL[0].eth_traffic_controller|eth_1588_traffic_controller_u0|ram_delay|altera_syncram_component|auto_generated|altsyncram1|altsyncram2|ram_block4a15~reg1  ; 1.460             ;
; ETH_TRAFFIC_CTRL_PAIR_CHANNEL[0].eth_traffic_controller|eth_1588_traffic_controller_u0|ram_delay|altera_syncram_component|auto_generated|altsyncram1|mgl_prim3|ram_rom_data_reg[15]                                                                              ; ETH_TRAFFIC_CTRL_PAIR_CHANNEL[0].eth_traffic_controller|eth_1588_traffic_controller_u0|ram_delay|altera_syncram_component|auto_generated|altsyncram1|altsyncram2|ram_block4a15~reg1  ; 1.460             ;
; auto_fab_0|alt_sld_fab_0|alt_sld_fab_0|sldfabric|\jtag_hub_gen:real_sld_jtag_hub|shadow_jsm|state[3]                                                                                                                                                             ; auto_fab_0|alt_sld_fab_0|alt_sld_fab_0|ocpfabric|sld_ocp_timeout_inst|pzdyqx_impl_inst|MMMV8756|JDEH1332[2]                                                                          ; 1.458             ;
; ETH_TRAFFIC_CTRL_PAIR_CHANNEL[0].eth_traffic_controller|eth_1588_traffic_controller_u0|ram_delay|altera_syncram_component|auto_generated|altsyncram1|mgl_prim3|ram_rom_data_reg[29]                                                                              ; ETH_TRAFFIC_CTRL_PAIR_CHANNEL[0].eth_traffic_controller|eth_1588_traffic_controller_u0|ram_delay|altera_syncram_component|auto_generated|altsyncram1|altsyncram2|ram_block4a29~reg1  ; 1.455             ;
; ETH_TRAFFIC_CTRL_PAIR_CHANNEL[0].eth_traffic_controller|eth_1588_traffic_controller_u0|ram_offset|altera_syncram_component|auto_generated|altsyncram1|mgl_prim3|ram_rom_addr_reg[3]                                                                              ; ETH_TRAFFIC_CTRL_PAIR_CHANNEL[0].eth_traffic_controller|eth_1588_traffic_controller_u0|ram_offset|altera_syncram_component|auto_generated|altsyncram1|altsyncram2|ram_block4a40~reg1 ; 1.454             ;
; ETH_TRAFFIC_CTRL_PAIR_CHANNEL[0].eth_traffic_controller|eth_1588_traffic_controller_u0|ram_delay|altera_syncram_component|auto_generated|altsyncram1|mgl_prim3|ram_rom_addr_reg[2]                                                                               ; ETH_TRAFFIC_CTRL_PAIR_CHANNEL[0].eth_traffic_controller|eth_1588_traffic_controller_u0|ram_delay|altera_syncram_component|auto_generated|altsyncram1|altsyncram2|ram_block4a15~reg1  ; 1.453             ;
; ETH_TRAFFIC_CTRL_PAIR_CHANNEL[0].eth_traffic_controller|eth_1588_traffic_controller_u0|ram_offset|altera_syncram_component|auto_generated|altsyncram1|mgl_prim3|ram_rom_data_reg[29]                                                                             ; ETH_TRAFFIC_CTRL_PAIR_CHANNEL[0].eth_traffic_controller|eth_1588_traffic_controller_u0|ram_offset|altera_syncram_component|auto_generated|altsyncram1|altsyncram2|ram_block4a29~reg1 ; 1.451             ;
; auto_fab_0|alt_sld_fab_0|alt_sld_fab_0|sldfabric|\jtag_hub_gen:real_sld_jtag_hub|shadow_jsm|state[4]                                                                                                                                                             ; jtag_master|master_0|jtag_phy_embedded_in_jtag_master|normal.jtag_dc_streaming|jtag_streaming|read_state.ST_READ_DATA                                                                ; 1.449             ;
; ETH_TRAFFIC_CTRL_PAIR_CHANNEL[0].eth_traffic_controller|eth_1588_traffic_controller_u0|ram_delay|altera_syncram_component|auto_generated|altsyncram1|mgl_prim3|ram_rom_data_reg[16]                                                                              ; ETH_TRAFFIC_CTRL_PAIR_CHANNEL[0].eth_traffic_controller|eth_1588_traffic_controller_u0|ram_delay|altera_syncram_component|auto_generated|altsyncram1|altsyncram2|ram_block4a16~reg1  ; 1.445             ;
; ETH_TRAFFIC_CTRL_PAIR_CHANNEL[0].eth_traffic_controller|eth_1588_traffic_controller_u0|ram_offset|altera_syncram_component|auto_generated|altsyncram1|mgl_prim3|ram_rom_data_reg[3]                                                                              ; ETH_TRAFFIC_CTRL_PAIR_CHANNEL[0].eth_traffic_controller|eth_1588_traffic_controller_u0|ram_offset|altera_syncram_component|auto_generated|altsyncram1|altsyncram2|ram_block4a3~reg1  ; 1.441             ;
; ETH_TRAFFIC_CTRL_PAIR_CHANNEL[0].eth_traffic_controller|eth_1588_traffic_controller_u0|ram_delay|altera_syncram_component|auto_generated|altsyncram1|mgl_prim3|ram_rom_addr_reg[3]                                                                               ; ETH_TRAFFIC_CTRL_PAIR_CHANNEL[0].eth_traffic_controller|eth_1588_traffic_controller_u0|ram_delay|altera_syncram_component|auto_generated|altsyncram1|altsyncram2|ram_block4a15~reg1  ; 1.438             ;
; ETH_TRAFFIC_CTRL_PAIR_CHANNEL[0].eth_traffic_controller|eth_1588_traffic_controller_u0|ram_delay|altera_syncram_component|auto_generated|altsyncram1|mgl_prim3|ram_rom_data_reg[34]                                                                              ; ETH_TRAFFIC_CTRL_PAIR_CHANNEL[0].eth_traffic_controller|eth_1588_traffic_controller_u0|ram_delay|altera_syncram_component|auto_generated|altsyncram1|altsyncram2|ram_block4a34~reg1  ; 1.438             ;
; ETH_TRAFFIC_CTRL_PAIR_CHANNEL[0].eth_traffic_controller|eth_1588_traffic_controller_u0|ram_offset|altera_syncram_component|auto_generated|altsyncram1|mgl_prim3|ram_rom_data_reg[2]                                                                              ; ETH_TRAFFIC_CTRL_PAIR_CHANNEL[0].eth_traffic_controller|eth_1588_traffic_controller_u0|ram_offset|altera_syncram_component|auto_generated|altsyncram1|altsyncram2|ram_block4a2~reg1  ; 1.437             ;
; ETH_TRAFFIC_CTRL_PAIR_CHANNEL[0].eth_traffic_controller|eth_1588_traffic_controller_u0|ram_delay|altera_syncram_component|auto_generated|altsyncram1|mgl_prim3|ram_rom_data_reg[24]                                                                              ; ETH_TRAFFIC_CTRL_PAIR_CHANNEL[0].eth_traffic_controller|eth_1588_traffic_controller_u0|ram_delay|altera_syncram_component|auto_generated|altsyncram1|altsyncram2|ram_block4a24~reg1  ; 1.435             ;
+------------------------------------------------------------------------------------------------------------------------------------------------------------------------------------------------------------------------------------------------------------------+--------------------------------------------------------------------------------------------------------------------------------------------------------------------------------------+-------------------+
Note: This table only shows the top 100 path(s) that have the largest delay added for hold.


